使用 java 内建命令寻找问题

``` 
 S0C    S1C    S0U    S1U      EC       EU        OC         OU       MC     MU    CCSC   CCSU   YGC     YGCT    FGC    FGCT     GCT
18432.0 14848.0  0.0   14816.0 31744.0  18104.2   86528.0    26790.3     -      -      -      -         7    0.104   0      0.000    0.104
18432.0 14848.0  0.0   14816.0 31744.0  19328.5   86528.0    26790.3     -      -      -      -         7    0.104   0      0.000    0.104
18432.0 14848.0  0.0   14816.0 31744.0  24321.7   86528.0    26790.3     -      -      -      -         7    0.104   0      0.000    0.104
18432.0 14848.0  0.0   14816.0 31744.0  30719.0   86528.0    26790.3     -      -      -      -         7    0.104   0      0.000    0.104
18432.0 21504.0 18400.0  0.0   28672.0   3230.7   86528.0    28182.3     -      -      -      -         8    0.123   0      0.000    0.123
18432.0 21504.0 18400.0  0.0   28672.0   3743.7   86528.0    28182.3     -      -      -      -         8    0.123   0      0.000    0.123
18432.0 21504.0 18400.0  0.0   28672.0   3743.7   86528.0    28182.3     -      -      -      -         8    0.123   0      0.000    0.123
18432.0 21504.0 18400.0  0.0   28672.0   3819.6   86528.0    28182.3     -      -      -      -         8    0.123   0      0.000    0.123
18432.0 21504.0 18400.0  0.0   28672.0   3819.6   86528.0    28182.3     -      -      -      -         8    0.123   0      0.000    0.123
18432.0 21504.0 18400.0  0.0   28672.0   7639.2   86528.0    28182.3     -      -      -      -         8    0.123   0      0.000    0.123
18432.0 21504.0 18400.0  0.0   28672.0  12922.1   86528.0    28182.3     -      -      -      -         8    0.123   0      0.000    0.123
18432.0 21504.0 18400.0  0.0   28672.0  15201.7   86528.0    28182.3     -      -      -      -         8    0.123   0      0.000    0.123
18432.0 21504.0 18400.0  0.0   28672.0  17993.3   86528.0    28182.3     -      -      -      -         8    0.123   0      0.000    0.123
18432.0 21504.0 18400.0  0.0   28672.0  19760.2   86528.0    28182.3     -      -      -      -         8    0.123   0      0.000    0.123
18432.0 21504.0 18400.0  0.0   28672.0  20349.1   86528.0    28182.3     -      -      -      -         8    0.123   0      0.000    0.123
18432.0 21504.0 18400.0  0.0   28672.0  21451.9   86528.0    28182.3     -      -      -      -         8    0.123   0      0.000    0.123
18432.0 21504.0 18400.0  0.0   28672.0  23142.8   86528.0    28182.3     -      -      -      -         8    0.123   0      0.000    0.123
18432.0 21504.0 18400.0  0.0   28672.0  23731.7   86528.0    28182.3     -      -      -      -         8    0.123   0      0.000    0.123
18432.0 21504.0 18400.0  0.0   28672.0  24320.8   86528.0    28182.3     -      -      -      -         8    0.123   0      0.000    0.123
18432.0 21504.0 18400.0  0.0   28672.0  24833.9   86528.0    28182.3     -      -      -      -         8    0.123   0      0.000    0.123
18432.0 21504.0 18400.0  0.0   28672.0  25422.9   86528.0    28182.3     -      -      -      -         8    0.123   0      0.000    0.123
18432.0 21504.0 18400.0  0.0   28672.0  26011.9   86528.0    28182.3     -      -      -      -         8    0.123   0      0.000    0.123
18432.0 21504.0 18400.0  0.0   28672.0  27626.8   86528.0    28182.3     -      -      -      -         8    0.123   0      0.000    0.123
18432.0 21504.0 18400.0  0.0   28672.0  28215.7   86528.0    28182.3     -      -      -      -         8    0.123   0      0.000    0.123
21504.0 15872.0  0.0   15520.0 28160.0   566.6    86528.0    35550.3     -      -      -      -         9    0.141   0      0.000    0.141
21504.0 15872.0  0.0   15520.0 28160.0   1824.6   86528.0    35550.3     -      -      -      -         9    0.141   0      0.000    0.141
21504.0 15872.0  0.0   15520.0 28160.0   3649.1   86528.0    35550.3     -      -      -      -         9    0.141   0      0.000    0.141
21504.0 15872.0  0.0   15520.0 28160.0   8936.2   86528.0    35550.3     -      -      -      -         9    0.141   0      0.000    0.141
21504.0 15872.0  0.0   15520.0 28160.0  13090.0   86528.0    35550.3     -      -      -      -         9    0.141   0      0.000    0.141
21504.0 15872.0  0.0   15520.0 28160.0  15860.3   86528.0    35550.3     -      -      -      -         9    0.141   0      0.000    0.141
21504.0 15872.0  0.0   15520.0 28160.0  18567.5   86528.0    35550.3     -      -      -      -         9    0.141   0      0.000    0.141
21504.0 15872.0  0.0   15520.0 28160.0  22407.7   86528.0    35550.3     -      -      -      -         9    0.141   0      0.000    0.141
21504.0 15872.0  0.0   15520.0 28160.0  24610.9   86528.0    35550.3     -      -      -      -         9    0.141   0      0.000    0.141
21504.0 15872.0  0.0   15520.0 28160.0  24610.9   86528.0    35550.3     -      -      -      -         9    0.141   0      0.000    0.141
21504.0 15872.0  0.0   15520.0 28160.0  24610.9   86528.0    35550.3     -      -      -      -         9    0.141   0      0.000    0.141
21504.0 15872.0  0.0   15520.0 28160.0  24610.9   86528.0    35550.3     -      -      -      -         9    0.141   0      0.000    0.141
21504.0 15872.0  0.0   15520.0 28160.0  24610.9   86528.0    35550.3     -      -      -      -         9    0.141   0      0.000    0.141
21504.0 15872.0  0.0   15520.0 28160.0  24610.9   86528.0    35550.3     -      -      -      -         9    0.141   0      0.000    0.141
```